// Jest Snapshot v1, https://goo.gl/fbAQLP

exports[`AccountAlias fromString invalid  1`] = `"Invalid accountAlias string "`;

exports[`AccountAlias fromString invalid 0. 1`] = `"Invalid accountAlias string 0."`;

exports[`AccountAlias fromString invalid 0.0. 1`] = `"Invalid accountAlias string 0.0."`;

exports[`AccountAlias fromString invalid 0.0.0.AABBCC22 1`] = `"Invalid accountAlias string 0.0.0.AABBCC22"`;

exports[`AccountAlias fromString invalid 0.0.00 1`] = `"Invalid accountAlias string 0.0.00"`;

exports[`AccountAlias fromString invalid 0.0.11 1`] = `"Invalid accountAlias string 0.0.11"`;

exports[`AccountAlias fromString invalid 0.0.88 1`] = `"Invalid accountAlias string 0.0.88"`;

exports[`AccountAlias fromString invalid 0.0.99 1`] = `"Invalid accountAlias string 0.0.99"`;

exports[`AccountAlias fromString invalid 0.0.A 1`] = `"Invalid accountAlias string 0.0.A"`;

exports[`AccountAlias fromString invalid 0.0.AA====== 1`] = `"Invalid accountAlias string 0.0.AA======"`;

exports[`AccountAlias fromString invalid 0.0.AAA 1`] = `"Invalid accountAlias string 0.0.AAA"`;

exports[`AccountAlias fromString invalid 0.0.AAAAAA 1`] = `"Invalid accountAlias string 0.0.AAAAAA"`;

exports[`AccountAlias fromString invalid 0.0.aa 1`] = `"Invalid accountAlias string 0.0.aa"`;

exports[`AccountAlias fromString invalid 0.00 1`] = `"Invalid accountAlias string 0.00"`;

exports[`AccountAlias fromString invalid 0.11 1`] = `"Invalid accountAlias string 0.11"`;

exports[`AccountAlias fromString invalid 0.88 1`] = `"Invalid accountAlias string 0.88"`;

exports[`AccountAlias fromString invalid 0.99 1`] = `"Invalid accountAlias string 0.99"`;

exports[`AccountAlias fromString invalid 0.A 1`] = `"Invalid accountAlias string 0.A"`;

exports[`AccountAlias fromString invalid 0.AA====== 1`] = `"Invalid accountAlias string 0.AA======"`;

exports[`AccountAlias fromString invalid 0.AAA 1`] = `"Invalid accountAlias string 0.AAA"`;

exports[`AccountAlias fromString invalid 0.AAAAAA 1`] = `"Invalid accountAlias string 0.AAAAAA"`;

exports[`AccountAlias fromString invalid 0.aa 1`] = `"Invalid accountAlias string 0.aa"`;

exports[`AccountAlias fromString invalid 00 1`] = `"Invalid accountAlias string 00"`;

exports[`AccountAlias fromString invalid 11 1`] = `"Invalid accountAlias string 11"`;

exports[`AccountAlias fromString invalid 88 1`] = `"Invalid accountAlias string 88"`;

exports[`AccountAlias fromString invalid 99 1`] = `"Invalid accountAlias string 99"`;

exports[`AccountAlias fromString invalid 100000.100000.AABBCC22 1`] = `"Invalid accountAlias string 100000.100000.AABBCC22"`;

exports[`AccountAlias fromString invalid A 1`] = `"Invalid accountAlias string A"`;

exports[`AccountAlias fromString invalid AA====== 1`] = `"Invalid accountAlias string AA======"`;

exports[`AccountAlias fromString invalid AAA 1`] = `"Invalid accountAlias string AAA"`;

exports[`AccountAlias fromString invalid AAAAAA 1`] = `"Invalid accountAlias string AAAAAA"`;

exports[`AccountAlias fromString invalid aa 1`] = `"Invalid accountAlias string aa"`;

exports[`AccountAlias fromString invalid null 1`] = `"Invalid accountAlias string null"`;

exports[`AccountAlias fromString invalid undefined 1`] = `"Invalid accountAlias string undefined"`;
