// Jest Snapshot v1, https://goo.gl/fbAQLP

exports[`formatCompactableRecordFile error 1`] = `"oops"`;
