// Jest Snapshot v1, https://goo.gl/fbAQLP

exports[`TokenFreezeStatus invalid id -1 1`] = `"Invalid token freeze status id -1"`;

exports[`TokenFreezeStatus invalid id 3 1`] = `"Invalid token freeze status id 3"`;
