// Jest Snapshot v1, https://goo.gl/fbAQLP

exports[`TokenKycStatus invalid id -1 1`] = `"Invalid token kyc status id -1"`;

exports[`TokenKycStatus invalid id 3 1`] = `"Invalid token kyc status id 3"`;
