// Jest Snapshot v1, https://goo.gl/fbAQLP

exports[`RecordStreamObject truncated buffer 1`] = `"Error reading byte array, expect 32-byte data got 28-byte"`;
